// Jest Snapshot v1, https://goo.gl/fbAQLP

exports[`Forecast component tests should match the snapshot 1`] = `
Array [
  <div
    className="title-container"
  >
    <label
      className="title"
    >
      Daily forecast
    </label>
  </div>,
  <div
    className="accordion"
    data-accordion-component="Accordion"
  />,
]
`;
