// Jest Snapshot v1, https://goo.gl/fbAQLP

exports[`CurrentWeather component tests should match the snapshot 1`] = `
<div
  className="weather"
>
  <div
    className="toggle-container"
  >
    <span
      className="on"
    >
      째F
    </span>
    <input
      checked={false}
      className="switch-checkbox"
      id="switch-new"
      onChange={[Function]}
      type="checkbox"
    />
    <label
      className="switch-label"
      htmlFor="switch-new"
      style={
        Object {
          "background": false,
        }
      }
    >
      <span
        className="switch-button"
      />
    </label>
    <span
      className="off"
    >
      째C
    </span>
  </div>
  <div
    className="top"
  >
    <div>
      <p
        className="city"
      />
      <p
        className="weather-description"
      />
    </div>
    <img
      alt="weather"
      className="weather-icon"
      src="icons/undefined.png"
    />
  </div>
  <div
    className="bottom"
  >
    <p
      className="temperature"
    >
      NaN
      째C
    </p>
    <div
      className="details"
    >
      <div
        className="parameter-row"
      >
        <span
          className="parameter-label"
        >
          Feels like
        </span>
        <span
          className="parameter-value"
        >
          NaN
          째C
        </span>
      </div>
      <div
        className="parameter-row"
      >
        <span
          className="parameter-label"
        >
          Wind
        </span>
        <span
          className="parameter-value"
        >
           m/s
        </span>
      </div>
      <div
        className="parameter-row"
      >
        <span
          className="parameter-label"
        >
          Humidity
        </span>
        <span
          className="parameter-value"
        >
          %
        </span>
      </div>
      <div
        className="parameter-row"
      >
        <span
          className="parameter-label"
        >
          Pressure
        </span>
        <span
          className="parameter-value"
        >
           hPa
        </span>
      </div>
    </div>
  </div>
</div>
`;
